// Jest Snapshot v1, https://goo.gl/fbAQLP

exports[`bud.persist sets buildDependencies 1`] = `
Object {
  "bud": Array [
    StringContaining "package.json",
    StringContaining ".eslintrc.js",
    StringContaining "bud.config.js",
    StringContaining "tailwind.config.js",
  ],
}
`;
